=== nvidia-smi ===
Thu Sep 24 02:15:20 2026       
+-----------------------------------------------------------------------------------------+
| NVIDIA-SMI 580.126.20             Driver Version: 580.126.20     CUDA Version: 13.0     |
+-----------------------------------------+------------------------+----------------------+
| GPU  Name                 Persistence-M | Bus-Id          Disp.A | Volatile Uncorr. ECC |
| Fan  Temp   Perf          Pwr:Usage/Cap |           Memory-Usage | GPU-Util  Compute M. |
|                                         |                        |               MIG M. |
|=========================================+========================+======================|
|   0  NVIDIA GeForce RTX 3090        On  |   00000000:81:00.0 Off |                  N/A |
| 30%   32C    P8             25W /  350W |       1MiB /  24576MiB |      0%      Default |
|                                         |                        |                  N/A |
+-----------------------------------------+------------------------+----------------------+

+-----------------------------------------------------------------------------------------+
| Processes:                                                                              |
|  GPU   GI   CI              PID   Type   Process name                        GPU Memory |
|        ID   ID                                                               Usage      |
|=========================================================================================|
|  No running processes found                                                             |
+-----------------------------------------------------------------------------------------+
=== versions ===
python 3.11.11
torch 2.8.0.dev20250319+cu128
cuda True 1
gpu NVIDIA GeForce RTX 3090
deepspeed 0.19.7
=== ds_report ===
--------------------------------------------------
DeepSpeed C++/CUDA extension op report
--------------------------------------------------
NOTE: Ops not installed will be just-in-time (JIT) compiled at
      runtime if needed. Op compatibility means that your system
      meet the required dependencies to JIT install the op.
--------------------------------------------------
JIT compiled ops requires ninja
ninja .................. [OKAY]
--------------------------------------------------
op name ................ installed .. compatible
--------------------------------------------------
 [WARNING]  async_io requires the dev libaio .so object and headers but these were not found.
 [WARNING]  async_io: please install the libaio-dev package with apt
 [WARNING]  If libaio is already installed (perhaps from source), try setting the CFLAGS and LDFLAGS environment variables to where it can be found.
async_io ............... [NO] ....... [NO]
fused_adam ............. [NO] ....... [OKAY]
cpu_adam ............... [NO] ....... [OKAY]
pin_memory ............. [NO] ....... [OKAY]
cpu_adagrad ............ [NO] ....... [OKAY]
cpu_lion ............... [NO] ....... [OKAY]
dc ..................... [NO] ....... [OKAY]
 [WARNING]  Unable to locate CUTLASS. Install nvidia-cutlass, clone CUTLASS next to DeepSpeed, or set CUTLASS_PATH to the CUTLASS checkout.
evoformer_attn ......... [NO] ....... [NO]
fp_quantizer ........... [NO] ....... [OKAY]
fused_lamb ............. [NO] ....... [OKAY]
fused_lion ............. [NO] ....... [OKAY]
 [WARNING]  gds requires the dev libaio .so object and headers but these were not found.
 [WARNING]  gds: please install the libaio-dev package with apt
 [WARNING]  If libaio is already installed (perhaps from source), try setting the CFLAGS and LDFLAGS environment variables to where it can be found.
[2026-09-24 02:20:31,317] [WARNING] [runner.py:230:fetch_hostfile] Unable to find hostfile, will proceed with training with local resources only.
[2026-09-24 02:20:31,318] [INFO] [runner.py:659:main] cmd = /workspace/deepspeed-course/03_llms/12_qlora/.venv/bin/python -u -m deepspeed.launcher.launch --world_info=eyJsb2NhbGhvc3QiOiBbMF19 --master_addr=127.0.0.1 --master_port=29500 --enable_each_rank_log=None --log_level=info train_qlora.py
[2026-09-24 02:20:55,049] [INFO] [launch.py:154:main] 0 NCCL_VERSION=2.25.1-1
[2026-09-24 02:20:55,049] [INFO] [launch.py:154:main] 0 NV_LIBNCCL_DEV_PACKAGE=libnccl-dev=2.25.1-1+cuda12.8
[2026-09-24 02:20:55,050] [INFO] [launch.py:154:main] 0 NV_LIBNCCL_DEV_PACKAGE_NAME=libnccl-dev
[2026-09-24 02:20:55,050] [INFO] [launch.py:154:main] 0 NV_LIBNCCL_DEV_PACKAGE_VERSION=2.25.1-1
[2026-09-24 02:20:55,051] [INFO] [launch.py:154:main] 0 NV_LIBNCCL_PACKAGE=libnccl2=2.25.1-1+cuda12.8
[2026-09-24 02:20:55,051] [INFO] [launch.py:154:main] 0 NV_LIBNCCL_PACKAGE_NAME=libnccl2
[2026-09-24 02:20:55,051] [INFO] [launch.py:154:main] 0 NV_LIBNCCL_PACKAGE_VERSION=2.25.1-1
[2026-09-24 02:20:55,052] [INFO] [launch.py:161:main] WORLD INFO DICT: {'localhost': [0]}
[2026-09-24 02:20:55,052] [INFO] [launch.py:167:main] nnodes=1, num_local_procs=1, node_rank=0
[2026-09-24 02:20:55,052] [INFO] [launch.py:178:main] global_rank_mapping=defaultdict(<class 'list'>, {'localhost': [0]})
[2026-09-24 02:20:55,053] [INFO] [launch.py:179:main] dist_world_size=1
[2026-09-24 02:20:55,053] [INFO] [launch.py:183:main] Setting CUDA_VISIBLE_DEVICES=0
[2026-09-24 02:20:55,055] [INFO] [launch.py:261:main] process 1673 spawned with command: ['/workspace/deepspeed-course/03_llms/12_qlora/.venv/bin/python', '-u', 'train_qlora.py', '--local_rank=0']
Warning: You are sending unauthenticated requests to the HF Hub. Please set a HF_TOKEN to enable higher rate limits and faster downloads.
[transformers] `torch_dtype` is deprecated! Use `dtype` instead!

Fetching 3 files:   0%|          | 0/3 [00:00<?, ?it/s]
Fetching 3 files:  33%|███▎      | 1/3 [00:01<00:02,  1.24s/it]
Fetching 3 files:  67%|██████▋   | 2/3 [00:08<00:04,  4.85s/it]
Fetching 3 files: 100%|██████████| 3/3 [00:11<00:00,  3.90s/it]
Fetching 3 files: 100%|██████████| 3/3 [00:11<00:00,  3.80s/it]

Loading weights:   0%|          | 0/398 [00:00<?, ?it/s]
Loading weights:   0%|          | 1/398 [00:00<01:02,  6.39it/s]
Loading weights:   7%|▋         | 27/398 [00:00<00:03, 123.35it/s]
Loading weights:  15%|█▍        | 58/398 [00:00<00:01, 191.48it/s]
Loading weights:  21%|██        | 84/398 [00:00<00:01, 215.80it/s]
Loading weights:  27%|██▋       | 108/398 [00:00<00:01, 223.08it/s]
Loading weights:  33%|███▎      | 132/398 [00:00<00:01, 223.13it/s]
Loading weights:  39%|███▉      | 157/398 [00:00<00:01, 226.15it/s]
Loading weights:  45%|████▌     | 181/398 [00:00<00:00, 221.24it/s]
Loading weights:  51%|█████▏    | 204/398 [00:01<00:00, 220.58it/s]
Loading weights:  57%|█████▋    | 227/398 [00:01<00:00, 211.88it/s]
Loading weights:  63%|██████▎   | 251/398 [00:01<00:00, 219.46it/s]
Loading weights:  69%|██████▉   | 274/398 [00:01<00:00, 208.98it/s]
Loading weights:  74%|███████▍  | 296/398 [00:01<00:00, 211.44it/s]
Loading weights:  81%|████████  | 321/398 [00:01<00:00, 219.96it/s]
Loading weights:  87%|████████▋ | 346/398 [00:01<00:00, 223.48it/s]
Loading weights:  95%|█████████▍| 377/398 [00:01<00:00, 243.34it/s]
Loading weights: 100%|██████████| 398/398 [00:01<00:00, 215.15it/s]
lora step 1/40: loss 5.3668
lora step 10/40: loss 2.7788
lora step 20/40: loss 0.6904
lora step 30/40: loss 0.0537
lora step 40/40: loss 0.0112
lora memory: start=0.00 GiB; loaded=7.55 GiB; load peak=7.55 GiB; overall peak=8.19 GiB; stored tensors=7.55 GiB
/workspace/deepspeed-course/03_llms/12_qlora/.venv/lib/python3.11/site-packages/torch/distributed/c10d_logger.py:83: UserWarning: barrier(): using the device under current context. You can specify `device_id` in `init_process_group` to mute this warning.
  return func(*args, **kwargs)
[rank0]:[W924 02:22:07.399292613 ProcessGroupNCCL.cpp:5188] Guessing device ID based on global rank. This can cause a hang if rank to GPU mapping is heterogeneous. You can specify device_id in init_process_group()
rank 0 lora: peak allocated 8.19 GiB; trainable 16,515,072; loss 5.3668 -> 0.0112
Peak is allocated bytes per GPU including model load; stored bytes count tensors and NF4 metadata. No GPU values are summed.
Warning: You are sending unauthenticated requests to the HF Hub. Please set a HF_TOKEN to enable higher rate limits and faster downloads.
[transformers] `torch_dtype` is deprecated! Use `dtype` instead!

Loading weights:   0%|          | 0/398 [00:00<?, ?it/s]
Loading weights:   0%|          | 1/398 [00:00<01:09,  5.73it/s]
Loading weights:   1%|          | 4/398 [00:00<00:23, 16.62it/s]
Loading weights:   6%|▋         | 25/398 [00:00<00:04, 91.77it/s]
Loading weights:  12%|█▏        | 49/398 [00:00<00:02, 143.03it/s]
Loading weights:  19%|█▉        | 75/398 [00:00<00:01, 179.21it/s]
Loading weights:  24%|██▎       | 94/398 [00:00<00:01, 174.20it/s]
Loading weights:  29%|██▉       | 115/398 [00:00<00:01, 181.65it/s]
Loading weights:  34%|███▍      | 136/398 [00:00<00:01, 189.44it/s]
Loading weights:  41%|████      | 163/398 [00:01<00:01, 211.97it/s]
Loading weights:  48%|████▊     | 190/398 [00:01<00:00, 226.92it/s]
Loading weights:  54%|█████▎    | 213/398 [00:01<00:00, 191.13it/s]
Loading weights:  59%|█████▉    | 235/398 [00:01<00:00, 197.67it/s]
Loading weights:  65%|██████▍   | 257/398 [00:01<00:00, 203.01it/s]
Loading weights:  70%|███████   | 279/398 [00:01<00:00, 204.39it/s]
Loading weights:  77%|███████▋  | 305/398 [00:01<00:00, 219.56it/s]
Loading weights:  84%|████████▍ | 334/398 [00:01<00:00, 235.38it/s]
Loading weights:  91%|█████████ | 363/398 [00:01<00:00, 250.56it/s]
Loading weights:  98%|█████████▊| 389/398 [00:01<00:00, 251.17it/s]
Loading weights: 100%|██████████| 398/398 [00:02<00:00, 197.30it/s]
qlora step 1/40: loss 5.9130
qlora step 10/40: loss 2.9723
qlora step 20/40: loss 0.8952
qlora step 30/40: loss 0.4000
qlora step 40/40: loss 0.4633
qlora memory: start=0.00 GiB; loaded=3.28 GiB; load peak=3.94 GiB; overall peak=3.94 GiB; stored tensors=3.26 GiB
/workspace/deepspeed-course/03_llms/12_qlora/.venv/lib/python3.11/site-packages/torch/distributed/c10d_logger.py:83: UserWarning: barrier(): using the device under current context. You can specify `device_id` in `init_process_group` to mute this warning.
  return func(*args, **kwargs)
[rank0]:[W924 02:23:04.719315273 ProcessGroupNCCL.cpp:5188] Guessing device ID based on global rank. This can cause a hang if rank to GPU mapping is heterogeneous. You can specify device_id in init_process_group()
rank 0 qlora: peak allocated 3.94 GiB; trainable 16,515,072; loss 5.9130 -> 0.4633
Peak is allocated bytes per GPU including model load; stored bytes count tensors and NF4 metadata. No GPU values are summed.
LoRA vs QLoRA comparison passed; saved comparison.json
[2026-09-24 02:23:07,131] [INFO] [launch.py:356:main] Process 1673 exits successfully.
